// Jest Snapshot v1, https://goo.gl/fbAQLP

exports[`the question item test renders as expeted 1`] = `
<li
  className="card p-3"
>
  <div
    dangerouslySetInnerHTML={
      Object {
        "__html": "test item",
      }
    }
  />
  <ul
    className=""
  >
    <li
      className=""
      onClick={[Function]}
    >
      <span
        className="rounded-circle mr-1"
      />
      <span
        dangerouslySetInnerHTML={
          Object {
            "__html": "false",
          }
        }
      />
    </li>
    <li
      className=""
      onClick={[Function]}
    >
      <span
        className="rounded-circle mr-1"
      />
      <span
        dangerouslySetInnerHTML={
          Object {
            "__html": "true",
          }
        }
      />
    </li>
  </ul>
</li>
`;
